../Core/Src/main.c:85:5:main	40	static
../Core/Src/main.c:183:6:SystemClock_Config	88	static
../Core/Src/main.c:225:13:MX_UART4_Init	8	static
../Core/Src/main.c:258:13:MX_USART2_UART_Init	8	static
../Core/Src/main.c:291:13:MX_USART3_UART_Init	8	static
../Core/Src/main.c:322:13:MX_DMA_Init	16	static
../Core/Src/main.c:355:13:MX_GPIO_Init	40	static
../Core/Src/main.c:395:6:TestDet	16	static
../Core/Src/main.c:419:6:TestHscbwod	16	static
../Core/Src/main.c:442:6:TestHscdsind	16	static
../Core/Src/main.c:472:6:Error_Handler	4	static,ignoring_inline_asm
